// Jest Snapshot v1, https://goo.gl/fbAQLP

exports[`<Label /> Should render 1`] = `
<label
  className="sc-bdVaJa jswEML"
>
  Hello world!
</label>
`;
