// Jest Snapshot v1, https://goo.gl/fbAQLP

exports[`<Submit /> Should render 1`] = `
<input
  className="sc-bdVaJa iyuqSV"
  type="submit"
  value="Click me!"
/>
`;
